[    0.000000] Linux version 4.15.0-101-generic (buildd@lgw01-amd64-003) (gcc version 7.5.0 (Ubuntu 7.5.0-3ubuntu1~18.04)) #102-Ubuntu SMP Mon May 11 10:07:26 UTC 2020 (Ubuntu 4.15.0-101.102-generic 4.15.18)
[    0.000000] Command line: BOOT_IMAGE=/boot/vmlinuz-4.15.0-101-generic root=UUID=7ae93c27-5720-4ac8-8ced-366726a2c6ac ro console=tty1 console=ttyS0
[    0.000000] KERNEL supported cpus:
[    0.000000]   Intel GenuineIntel
[    0.000000]   AMD AuthenticAMD
[    0.000000]   Centaur CentaurHauls
[    0.000000] x86/fpu: Supporting XSAVE feature 0x001: 'x87 floating point registers'
[    0.000000] x86/fpu: Supporting XSAVE feature 0x002: 'SSE registers'
[    0.000000] x86/fpu: Supporting XSAVE feature 0x004: 'AVX registers'
[    0.000000] x86/fpu: xstate_offset[2]:  576, xstate_sizes[2]:  256
[    0.000000] x86/fpu: Enabled xstate features 0x7, context size is 832 bytes, using 'standard' format.
[    0.000000] e820: BIOS-provided physical RAM map:
[    0.000000] BIOS-e820: [mem 0x0000000000000000-0x000000000009fbff] usable
[    0.000000] BIOS-e820: [mem 0x000000000009fc00-0x000000000009ffff] reserved
[    0.000000] BIOS-e820: [mem 0x00000000000f0000-0x00000000000fffff] reserved
[    0.000000] BIOS-e820: [mem 0x0000000000100000-0x000000003ffeffff] usable
[    0.000000] BIOS-e820: [mem 0x000000003fff0000-0x000000003fffffff] ACPI data
[    0.000000] BIOS-e820: [mem 0x00000000fec00000-0x00000000fec00fff] reserved
[    0.000000] BIOS-e820: [mem 0x00000000fee00000-0x00000000fee00fff] reserved
[    0.000000] BIOS-e820: [mem 0x00000000fffc0000-0x00000000ffffffff] reserved
[    0.000000] NX (Execute Disable) protection: active
[    0.000000] SMBIOS 2.5 present.
[    0.000000] DMI: innotek GmbH VirtualBox/VirtualBox, BIOS VirtualBox 12/01/2006
[    0.000000] Hypervisor detected: KVM
[    0.000000] e820: last_pfn = 0x3fff0 max_arch_pfn = 0x400000000
[    0.000000] MTRR: Disabled
[    0.000000] x86/PAT: MTRRs disabled, skipping PAT initialization too.
[    0.000000] CPU MTRRs all blank - virtualized system.
[    0.000000] x86/PAT: Configuration [0-7]: WB  WT  UC- UC  WB  WT  UC- UC  
[    0.000000] found SMP MP-table at [mem 0x0009fff0-0x0009ffff]
[    0.000000] Scanning 1 areas for low memory corruption
[    0.000000] RAMDISK: [mem 0x3595d000-0x36ca5fff]
[    0.000000] ACPI: Early table checksum verification disabled
[    0.000000] ACPI: RSDP 0x00000000000E0000 000024 (v02 VBOX  )
[    0.000000] ACPI: XSDT 0x000000003FFF0030 00003C (v01 VBOX   VBOXXSDT 00000001 ASL  00000061)
[    0.000000] ACPI: FACP 0x000000003FFF00F0 0000F4 (v04 VBOX   VBOXFACP 00000001 ASL  00000061)
[    0.000000] ACPI: DSDT 0x000000003FFF0470 002325 (v02 VBOX   VBOXBIOS 00000002 INTL 20100528)
[    0.000000] ACPI: FACS 0x000000003FFF0200 000040
[    0.000000] ACPI: FACS 0x000000003FFF0200 000040
[    0.000000] ACPI: APIC 0x000000003FFF0240 00005C (v02 VBOX   VBOXAPIC 00000001 ASL  00000061)
[    0.000000] ACPI: SSDT 0x000000003FFF02A0 0001CC (v01 VBOX   VBOXCPUT 00000002 INTL 20100528)
[    0.000000] No NUMA configuration found
[    0.000000] Faking a node at [mem 0x0000000000000000-0x000000003ffeffff]
[    0.000000] NODE_DATA(0) allocated [mem 0x3ffc5000-0x3ffeffff]
[    0.000000] kvm-clock: cpu 0, msr 0:3ff44001, primary cpu clock
[    0.000000] kvm-clock: Using msrs 4b564d01 and 4b564d00
[    0.000000] kvm-clock: using sched offset of 9062722727 cycles
[    0.000000] clocksource: kvm-clock: mask: 0xffffffffffffffff max_cycles: 0x1cd42e4dffb, max_idle_ns: 881590591483 ns
[    0.000000] Zone ranges:
[    0.000000]   DMA      [mem 0x0000000000001000-0x0000000000ffffff]
[    0.000000]   DMA32    [mem 0x0000000001000000-0x000000003ffeffff]
[    0.000000]   Normal   empty
[    0.000000]   Device   empty
[    0.000000] Movable zone start for each node
[    0.000000] Early memory node ranges
[    0.000000]   node   0: [mem 0x0000000000001000-0x000000000009efff]
[    0.000000]   node   0: [mem 0x0000000000100000-0x000000003ffeffff]
[    0.000000] Reserved but unavailable: 98 pages
[    0.000000] Initmem setup node 0 [mem 0x0000000000001000-0x000000003ffeffff]
[    0.000000] ACPI: PM-Timer IO Port: 0x4008
[    0.000000] IOAPIC[0]: apic_id 2, version 32, address 0xfec00000, GSI 0-23
[    0.000000] ACPI: INT_SRC_OVR (bus 0 bus_irq 0 global_irq 2 dfl dfl)
[    0.000000] ACPI: INT_SRC_OVR (bus 0 bus_irq 9 global_irq 9 low level)
[    0.000000] Using ACPI (MADT) for SMP configuration information
[    0.000000] smpboot: Allowing 2 CPUs, 0 hotplug CPUs
[    0.000000] PM: Registered nosave memory: [mem 0x00000000-0x00000fff]
[    0.000000] PM: Registered nosave memory: [mem 0x0009f000-0x0009ffff]
[    0.000000] PM: Registered nosave memory: [mem 0x000a0000-0x000effff]
[    0.000000] PM: Registered nosave memory: [mem 0x000f0000-0x000fffff]
[    0.000000] e820: [mem 0x40000000-0xfebfffff] available for PCI devices
[    0.000000] Booting paravirtualized kernel on KVM
[    0.000000] clocksource: refined-jiffies: mask: 0xffffffff max_cycles: 0xffffffff, max_idle_ns: 7645519600211568 ns
[    0.000000] random: get_random_bytes called from start_kernel+0x99/0x4fd with crng_init=0
[    0.000000] setup_percpu: NR_CPUS:8192 nr_cpumask_bits:2 nr_cpu_ids:2 nr_node_ids:1
[    0.000000] percpu: Embedded 45 pages/cpu s147456 r8192 d28672 u1048576
[    0.000000] PV qspinlock hash table entries: 256 (order: 0, 4096 bytes)
[    0.000000] Built 1 zonelists, mobility grouping on.  Total pages: 257913
[    0.000000] Policy zone: DMA32
[    0.000000] Kernel command line: BOOT_IMAGE=/boot/vmlinuz-4.15.0-101-generic root=UUID=7ae93c27-5720-4ac8-8ced-366726a2c6ac ro console=tty1 console=ttyS0
[    0.000000] Memory: 982520K/1048120K available (12300K kernel code, 2481K rwdata, 4268K rodata, 2432K init, 2712K bss, 65600K reserved, 0K cma-reserved)
[    0.000000] SLUB: HWalign=64, Order=0-3, MinObjects=0, CPUs=2, Nodes=1
[    0.000000] Kernel/User page tables isolation: enabled
[    0.000000] ftrace: allocating 39364 entries in 154 pages
[    0.004000] Hierarchical RCU implementation.
[    0.004000] 	RCU restricting CPUs from NR_CPUS=8192 to nr_cpu_ids=2.
[    0.004000] 	Tasks RCU enabled.
[    0.004000] RCU: Adjusting geometry for rcu_fanout_leaf=16, nr_cpu_ids=2
[    0.004000] NR_IRQS: 524544, nr_irqs: 440, preallocated irqs: 16
[    0.004000] Console: colour VGA+ 80x25
[    0.004000] console [tty1] enabled
[    0.004000] console [ttyS0] enabled
[    0.004000] ACPI: Core revision 20170831
[    0.004000] ACPI: 2 ACPI AML tables successfully acquired and loaded
[    0.004000] APIC: Switch to symmetric I/O mode setup
[    0.004000] x2apic enabled
[    0.004000] Switched APIC routing to physical x2apic.
[    0.007676] ..TIMER: vector=0x30 apic1=0 pin1=2 apic2=-1 pin2=-1
[    0.008008] tsc: Detected 2208.000 MHz processor
[    0.012025] Calibrating delay loop (skipped) preset value.. 4416.00 BogoMIPS (lpj=8832000)
[    0.016006] pid_max: default: 32768 minimum: 301
[    0.018270] Security Framework initialized
[    0.020007] Yama: becoming mindful.
[    0.022047] AppArmor: AppArmor initialized
[    0.032102] Dentry cache hash table entries: 131072 (order: 8, 1048576 bytes)
[    0.035488] Inode-cache hash table entries: 65536 (order: 7, 524288 bytes)
[    0.036056] Mount-cache hash table entries: 2048 (order: 2, 16384 bytes)
[    0.040016] Mountpoint-cache hash table entries: 2048 (order: 2, 16384 bytes)
[    0.043396] Last level iTLB entries: 4KB 64, 2MB 8, 4MB 8
[    0.044007] Last level dTLB entries: 4KB 64, 2MB 0, 4MB 0, 1GB 4
[    0.048009] Spectre V1 : Mitigation: usercopy/swapgs barriers and __user pointer sanitization
[    0.052011] Spectre V2 : Mitigation: Full generic retpoline
[    0.054575] Spectre V2 : Spectre v2 / SpectreRSB mitigation: Filling RSB on context switch
[    0.056005] Speculative Store Bypass: Vulnerable
[    0.060110] MDS: Vulnerable: Clear CPU buffers attempted, no microcode
[    0.064468] Freeing SMP alternatives memory: 36K
[    0.181761] smpboot: CPU0: Intel(R) Core(TM) i7-8750H CPU @ 2.20GHz (family: 0x6, model: 0x9e, stepping: 0xa)
[    0.184161] Performance Events: unsupported p6 CPU model 158 no PMU driver, software events only.
[    0.188000] Hierarchical SRCU implementation.
[    0.189240] NMI watchdog: Perf event create on CPU 0 failed with -2
[    0.192006] NMI watchdog: Perf NMI watchdog permanently disabled
[    0.196143] smp: Bringing up secondary CPUs ...
[    0.200191] x86: Booting SMP configuration:
[    0.201954] .... node  #0, CPUs:      #1
[    0.004000] kvm-clock: cpu 1, msr 0:3ff44041, secondary cpu clock
[    0.208042] smp: Brought up 1 node, 2 CPUs
[    0.210265] smpboot: Max logical packages: 1
[    0.212014] smpboot: Total of 2 processors activated (8832.00 BogoMIPS)
[    0.216275] devtmpfs: initialized
[    0.217764] x86/mm: Memory block size: 128MB
[    0.220283] evm: security.selinux
[    0.222058] evm: security.SMACK64
[    0.224007] evm: security.SMACK64EXEC
[    0.225703] evm: security.SMACK64TRANSMUTE
[    0.228006] evm: security.SMACK64MMAP
[    0.229921] evm: security.apparmor
[    0.231704] evm: security.ima
[    0.232003] evm: security.capability
[    0.236247] clocksource: jiffies: mask: 0xffffffff max_cycles: 0xffffffff, max_idle_ns: 7645041785100000 ns
[    0.240021] futex hash table entries: 512 (order: 3, 32768 bytes)
[    0.244051] pinctrl core: initialized pinctrl subsystem
[    0.248242] RTC time: 12:03:56, date: 06/04/20
[    0.250677] NET: Registered protocol family 16
[    0.252203] audit: initializing netlink subsys (disabled)
[    0.256071] audit: type=2000 audit(1591272247.372:1): state=initialized audit_enabled=0 res=1
[    0.260018] cpuidle: using governor ladder
[    0.261987] cpuidle: using governor menu
[    0.264096] ACPI: bus type PCI registered
[    0.268009] acpiphp: ACPI Hot Plug PCI Controller Driver version: 0.5
[    0.272338] PCI: Using configuration type 1 for base access
[    0.278651] HugeTLB registered 2.00 MiB page size, pre-allocated 0 pages
[    0.280241] ACPI: Added _OSI(Module Device)
[    0.284008] ACPI: Added _OSI(Processor Device)
[    0.288008] ACPI: Added _OSI(3.0 _SCP Extensions)
[    0.290476] ACPI: Added _OSI(Processor Aggregator Device)
[    0.292017] ACPI: Added _OSI(Linux-Dell-Video)
[    0.294273] ACPI: Added _OSI(Linux-Lenovo-NV-HDMI-Audio)
[    0.296046] ACPI: Added _OSI(Linux-HPI-Hybrid-Graphics)
[    0.301006] ACPI: Executed 1 blocks of module-level executable AML code
[    0.318113] ACPI: Interpreter enabled
[    0.320048] ACPI: (supports S0 S5)
[    0.322166] ACPI: Using IOAPIC for interrupt routing
[    0.324893] PCI: Using host bridge windows from ACPI; if necessary, use "pci=nocrs" and report a bug
[    0.328453] ACPI: Enabled 2 GPEs in block 00 to 07
[    0.351749] ACPI: PCI Root Bridge [PCI0] (domain 0000 [bus 00-ff])
[    0.352026] acpi PNP0A03:00: _OSC: OS supports [ASPM ClockPM Segments MSI]
[    0.360094] acpi PNP0A03:00: _OSC: not requesting OS control; OS requires [ExtendedConfig ASPM ClockPM MSI]
[    0.364029] acpi PNP0A03:00: fail to add MMCONFIG information, can't access extended PCI configuration space under this bridge.
[    0.369144] PCI host bridge to bus 0000:00
[    0.372010] pci_bus 0000:00: root bus resource [io  0x0000-0x0cf7 window]
[    0.376013] pci_bus 0000:00: root bus resource [io  0x0d00-0xffff window]
[    0.379014] pci_bus 0000:00: root bus resource [mem 0x000a0000-0x000bffff window]
[    0.380007] pci_bus 0000:00: root bus resource [mem 0x40000000-0xfdffffff window]
[    0.384013] pci_bus 0000:00: root bus resource [bus 00-ff]
[    0.397034] pci 0000:00:01.1: legacy IDE quirk: reg 0x10: [io  0x01f0-0x01f7]
[    0.400006] pci 0000:00:01.1: legacy IDE quirk: reg 0x14: [io  0x03f6]
[    0.403509] pci 0000:00:01.1: legacy IDE quirk: reg 0x18: [io  0x0170-0x0177]
[    0.404009] pci 0000:00:01.1: legacy IDE quirk: reg 0x1c: [io  0x0376]
[    0.444472] pci 0000:00:07.0: quirk: [io  0x4000-0x403f] claimed by PIIX4 ACPI
[    0.448068] pci 0000:00:07.0: quirk: [io  0x4100-0x410f] claimed by PIIX4 SMB
[    0.468000] ACPI: PCI Interrupt Link [LNKA] (IRQs 5 9 10 *11)
[    0.472318] ACPI: PCI Interrupt Link [LNKB] (IRQs 5 9 *10 11)
[    0.475516] ACPI: PCI Interrupt Link [LNKC] (IRQs 5 *9 10 11)
[    0.476328] ACPI: PCI Interrupt Link [LNKD] (IRQs 5 9 10 *11)
[    0.480992] SCSI subsystem initialized
[    0.484177] pci 0000:00:02.0: vgaarb: setting as boot VGA device
[    0.487461] pci 0000:00:02.0: vgaarb: VGA device added: decodes=io+mem,owns=io+mem,locks=none
[    0.488013] pci 0000:00:02.0: vgaarb: bridge control possible
[    0.492006] vgaarb: loaded
[    0.494538] ACPI: bus type USB registered
[    0.496076] usbcore: registered new interface driver usbfs
[    0.498914] usbcore: registered new interface driver hub
[    0.500050] usbcore: registered new device driver usb
[    0.504196] EDAC MC: Ver: 3.0.0
[    0.508150] PCI: Using ACPI for IRQ routing
[    0.512572] NetLabel: Initializing
[    0.514352] NetLabel:  domain hash size = 128
[    0.516005] NetLabel:  protocols = UNLABELED CIPSOv4 CALIPSO
[    0.518651] NetLabel:  unlabeled traffic allowed by default
[    0.520265] clocksource: Switched to clocksource kvm-clock
[    0.564125] VFS: Disk quotas dquot_6.6.0
[    0.566076] VFS: Dquot-cache hash table entries: 512 (order 0, 4096 bytes)
[    0.569373] AppArmor: AppArmor Filesystem Enabled
[    0.571648] pnp: PnP ACPI init
[    0.576193] pnp: PnP ACPI: found 3 devices
[    0.600214] clocksource: acpi_pm: mask: 0xffffff max_cycles: 0xffffff, max_idle_ns: 2085701024 ns
[    0.604195] NET: Registered protocol family 2
[    0.606796] TCP established hash table entries: 8192 (order: 4, 65536 bytes)
[    0.610024] TCP bind hash table entries: 8192 (order: 5, 131072 bytes)
[    0.616931] TCP: Hash tables configured (established 8192 bind 8192)
[    0.623392] UDP hash table entries: 512 (order: 2, 16384 bytes)
[    0.626516] UDP-Lite hash table entries: 512 (order: 2, 16384 bytes)
[    0.629457] NET: Registered protocol family 1
[    0.631523] pci 0000:00:00.0: Limiting direct PCI/PCI transfers
[    0.634289] pci 0000:00:01.0: Activating ISA DMA hang workarounds
[    0.639010] pci 0000:00:02.0: Video device with shadowed ROM at [mem 0x000c0000-0x000dffff]
[    0.643103] Unpacking initramfs...
[    1.444057] Freeing initrd memory: 19748K
[    1.446577] clocksource: tsc: mask: 0xffffffffffffffff max_cycles: 0x1fd3b81b95f, max_idle_ns: 440795257325 ns
[    1.451313] platform rtc_cmos: registered platform RTC device (no PNP device found)
[    1.455032] Scanning for low memory corruption every 60 seconds
[    1.460287] Initialise system trusted keyrings
[    1.462591] Key type blacklist registered
[    1.464829] workingset: timestamp_bits=36 max_order=18 bucket_order=0
[    1.470624] zbud: loaded
[    1.473626] squashfs: version 4.0 (2009/01/31) Phillip Lougher
[    1.476308] fuse init (API version 7.26)
[    1.490233] Key type asymmetric registered
[    1.492253] Asymmetric key parser 'x509' registered
[    1.494903] Block layer SCSI generic (bsg) driver version 0.4 loaded (major 246)
[    1.499146] io scheduler noop registered
[    1.506074] io scheduler deadline registered
[    1.508166] io scheduler cfq registered (default)
[    1.511226] ACPI: AC Adapter [AC] (off-line)
[    1.513585] input: Power Button as /devices/LNXSYSTM:00/LNXPWRBN:00/input/input0
[    1.517264] ACPI: Power Button [PWRF]
[    1.519252] input: Sleep Button as /devices/LNXSYSTM:00/LNXSLPBN:00/input/input1
[    1.522957] ACPI: Sleep Button [SLPF]
[    1.527857] ACPI: Battery Slot [BAT0] (battery present)
[    1.531273] Serial: 8250/16550 driver, 32 ports, IRQ sharing enabled
[    1.560400] 00:02: ttyS0 at I/O 0x3f8 (irq = 4, base_baud = 115200) is a 16550A
[    1.582184] Linux agpgart interface v0.103
[    1.588858] loop: module loaded
[    1.591882] scsi host0: ata_piix
[    1.594126] scsi host1: ata_piix
[    1.595848] ata1: PATA max UDMA/33 cmd 0x1f0 ctl 0x3f6 bmdma 0xd000 irq 14
[    1.604096] ata2: PATA max UDMA/33 cmd 0x170 ctl 0x376 bmdma 0xd008 irq 15
[    1.607217] libphy: Fixed MDIO Bus: probed
[    1.609387] tun: Universal TUN/TAP device driver, 1.6
[    1.611880] PPP generic driver version 2.4.2
[    1.614343] ehci_hcd: USB 2.0 'Enhanced' Host Controller (EHCI) Driver
[    1.617309] ehci-pci: EHCI PCI platform driver
[    1.619601] ehci-platform: EHCI generic platform driver
[    1.622075] ohci_hcd: USB 1.1 'Open' Host Controller (OHCI) Driver
[    1.624882] ohci-pci: OHCI PCI platform driver
[    1.626993] ohci-platform: OHCI generic platform driver
[    1.629545] uhci_hcd: USB Universal Host Controller Interface driver
[    1.632550] i8042: PNP: PS/2 Controller [PNP0303:PS2K,PNP0f03:PS2M] at 0x60,0x64 irq 1,12
[    1.637254] serio: i8042 KBD port at 0x60,0x64 irq 1
[    1.639608] serio: i8042 AUX port at 0x60,0x64 irq 12
[    1.642461] mousedev: PS/2 mouse device common for all mice
[    1.646757] rtc_cmos rtc_cmos: rtc core: registered rtc_cmos as rtc0
[    1.650098] input: AT Translated Set 2 keyboard as /devices/platform/i8042/serio0/input/input2
[    1.652177] rtc_cmos rtc_cmos: alarms up to one day, 114 bytes nvram
[    1.656136] i2c /dev entries driver
[    1.658860] device-mapper: uevent: version 1.0.3
[    1.661285] device-mapper: ioctl: 4.37.0-ioctl (2017-09-20) initialised: dm-devel@redhat.com
[    1.665326] ledtrig-cpu: registered to indicate activity on CPUs
[    1.669499] NET: Registered protocol family 10
[    1.681531] Segment Routing with IPv6
[    1.683366] NET: Registered protocol family 17
[    1.685745] Key type dns_resolver registered
[    1.688347] mce: Using 0 MCE banks
[    1.690092] RAS: Correctable Errors collector initialized.
[    1.692153] sched_clock: Marking stable (1688153078, 0)->(2165723880, -477570802)
[    1.696959] registered taskstats version 1
[    1.698919] Loading compiled-in X.509 certificates
[    1.707058] Loaded X.509 cert 'Build time autogenerated kernel key: 81757e40860ca54b8a45e323b66799c03c91a344'
[    1.712975] zswap: loaded using pool lzo/zbud
[    1.726435] Key type big_key registered
[    1.728311] Key type trusted registered
[    1.734953] Key type encrypted registered
[    1.736994] AppArmor: AppArmor sha1 policy hashing enabled
[    1.739481] ima: No TPM chip found, activating TPM-bypass! (rc=-19)
[    1.742342] ima: Allocated hash algorithm: sha1
[    1.744536] evm: HMAC attrs: 0x1
[    1.746692]   Magic number: 8:85:76
[    1.748786] rtc_cmos rtc_cmos: setting system clock to 2020-06-04 12:03:58 UTC (1591272238)
[    1.753037] BIOS EDD facility v0.16 2004-Jun-25, 0 devices found
[    1.755593] EDD information not available.
[    1.800812] Freeing unused kernel image memory: 2432K
[    1.812070] Write protecting the kernel read-only data: 20480k
[    1.816854] Freeing unused kernel image memory: 2008K
[    1.820315] Freeing unused kernel image memory: 1876K
[    1.845241] x86/mm: Checked W+X mappings: passed, no W+X pages found.
[    1.848461] x86/mm: Checking user space page tables
[    1.870010] x86/mm: Checked W+X mappings: passed, no W+X pages found.
Loading, please wait...
starting version 237
[    2.079852] Fusion MPT base driver 3.04.20
[    2.082175] Copyright (c) 1999-2008 LSI Corporation
[    2.084967] e1000: Intel(R) PRO/1000 Network Driver - version 7.3.21-k8-NAPI
[    2.088194] e1000: Copyright (c) 1999-2006 Intel Corporation.
[    2.109290] Fusion MPT SPI Host driver 3.04.20
[    2.130005] mptbase: ioc0: Initiating bringup
[    2.167243] AVX2 version of gcm_enc/dec engaged.
[    2.169606] AES CTR mode by8 optimization enabled
[    2.245389] ioc0: LSI53C1030 A0: Capabilities={Initiator}
[    2.365649] input: ImExPS/2 Generic Explorer Mouse as /devices/platform/i8042/serio1/input/input4
[    3.584906] scsi host2: ioc0: LSI53C1030 A0, FwRev=00000000h, Ports=1, MaxQ=256, IRQ=20
[    6.081057] scsi 2:0:0:0: Direct-Access     VBOX     HARDDISK         1.0  PQ: 0 ANSI: 5
[    6.128208] scsi target2:0:0: Beginning Domain Validation
[    6.136723] scsi target2:0:0: Domain Validation skipping write tests
[    6.139824] scsi target2:0:0: Ending Domain Validation
[    6.142804] scsi target2:0:0: asynchronous
[    6.147075] scsi 2:0:1:0: Direct-Access     VBOX     HARDDISK         1.0  PQ: 0 ANSI: 5
[    6.572019] scsi target2:0:1: Beginning Domain Validation
[    6.582574] random: fast init done
[    6.588667] scsi target2:0:1: Domain Validation skipping write tests
[    6.591971] scsi target2:0:1: Ending Domain Validation
[    6.594960] scsi target2:0:1: asynchronous
[    6.610392] random: systemd-udevd: uninitialized urandom read (16 bytes read)
[    6.610495] e1000 0000:00:03.0 eth0: (PCI:33MHz:32-bit) 02:2b:21:86:a5:be
[    6.613755] random: systemd-udevd: uninitialized urandom read (16 bytes read)
[    6.616773] e1000 0000:00:03.0 eth0: Intel(R) PRO/1000 Network Connection
[    6.621805] random: systemd-udevd: uninitialized urandom read (16 bytes read)
[    6.626722] sd 2:0:0:0: Attached scsi generic sg0 type 0
[    6.629385] sd 2:0:0:0: [sda] 20971520 512-byte logical blocks: (10.7 GB/10.0 GiB)
[    6.633594] sd 2:0:0:0: [sda] Write Protect is off
[    6.634589] e1000 0000:00:03.0 enp0s3: renamed from eth0
[    6.638641] sd 2:0:1:0: Attached scsi generic sg1 type 0
[    6.641900] sd 2:0:0:0: [sda] Incomplete mode parameter data
[    6.644527] sd 2:0:0:0: [sda] Assuming drive cache: write through
[    6.644719] sd 2:0:1:0: [sdb] 20480 512-byte logical blocks: (10.5 MB/10.0 MiB)
[    6.651143] sd 2:0:1:0: [sdb] Write Protect is off
[    6.654340] sd 2:0:1:0: [sdb] Incomplete mode parameter data
[    6.657234] sd 2:0:1:0: [sdb] Assuming drive cache: write through
[    6.662575]  sda: sda1
[    6.670292] sd 2:0:0:0: [sda] Attached SCSI disk
[    6.692487] sd 2:0:1:0: [sdb] Attached SCSI disk
Begin: Loading essential drivers ... [    9.240348] raid6: sse2x1   gen()  4706 MB/s
[    9.288170] raid6: sse2x1   xor()  3393 MB/s
[    9.336143] raid6: sse2x2   gen()  5821 MB/s
[    9.384156] raid6: sse2x2   xor()  3898 MB/s
[    9.432632] raid6: sse2x4   gen()  6743 MB/s
[    9.480444] raid6: sse2x4   xor()  4212 MB/s
[    9.528269] raid6: avx2x1   gen() 10464 MB/s
[    9.576153] raid6: avx2x1   xor()  6602 MB/s
[    9.624134] raid6: avx2x2   gen() 11511 MB/s
[    9.672140] raid6: avx2x2   xor()  7081 MB/s
[    9.720529] raid6: avx2x4   gen() 12903 MB/s
[    9.768349] raid6: avx2x4   xor()  8007 MB/s
[    9.770453] raid6: using algorithm avx2x4 gen() 12903 MB/s
[    9.773102] raid6: .... xor() 8007 MB/s, rmw enabled
[    9.775662] raid6: using avx2x2 recovery algorithm
[    9.781064] xor: automatically using best checksumming function   avx       
[    9.786466] async_tx: api initialized (async)
done.
Begin: Running /scripts/init-premount ... done.
Begin: Mounting root file system ... Begin: Running /scripts/local-top ... done.
Begin: Running /scripts/local-premount ... [    9.893357] Btrfs loaded, crc32c=crc32c-intel
Scanning for Btrfs filesystems
done.
Warning: fsck not present, so skipping root file system
[    9.982613] EXT4-fs (sda1): INFO: recovery required on readonly filesystem
[    9.986574] EXT4-fs (sda1): write access will be enabled during recovery
[   10.982761] EXT4-fs (sda1): recovery complete
[   10.986643] EXT4-fs (sda1): mounted filesystem with ordered data mode. Opts: (null)
done.
Begin: Running /scripts/local-bottom ... done.
Begin: Running /scripts/init-bottom ... done.
[   11.492091] random: crng init done
[   11.495471] random: 7 urandom warning(s) missed due to ratelimiting
[   12.295060] ip_tables: (C) 2000-2006 Netfilter Core Team
[   12.362395] systemd[1]: systemd 237 running in system mode. (+PAM +AUDIT +SELINUX +IMA +APPARMOR +SMACK +SYSVINIT +UTMP +LIBCRYPTSETUP +GCRYPT +GNUTLS +ACL +XZ +LZ4 +SECCOMP +BLKID +ELFUTILS +KMOD -IDN2 +IDN -PCRE2 default-hierarchy=hybrid)
[   12.373555] systemd[1]: Detected virtualization oracle.
[   12.376376] systemd[1]: Detected architecture x86-64.

Welcome to [1mUbuntu 18.04.4 LTS[0m!

[   12.419192] systemd[1]: Set hostname to <ubuntu-bionic>.
[   14.436149] systemd[1]: Reached target User and Group Name Lookups.
[[0;32m  OK  [0m] Reached target User and Group Name Lookups.
[   14.440430] systemd[1]: Reached target Swap.
[[0;32m  OK  [0m] Reached target Swap.
[   14.443641] systemd[1]: Set up automount Arbitrary Executable File Formats File System Automount Point.
[[0;32m  OK  [0m] Set up automount Arbitrary Executabâ€¦rmats File System Automount Point.
[   14.453269] systemd[1]: Started Forward Password Requests to Wall Directory Watch.
[[0;32m  OK  [0m] Started Forward Password Requests to Wall Directory Watch.
[   14.462668] systemd[1]: Created slice User and Session Slice.
[[0;32m  OK  [0m] Created slice User and Session Slice.
[   14.466907] systemd[1]: Reached target System Time Synchronized.
[[0;32m  OK  [0m] Reached target System Time Synchronized.
[[0;32m  OK  [0m] Created slice System Slice.
[[0;32m  OK  [0m] Listening on Journal Socket.
[[0;32m  OK  [0m] Listening on udev Kernel Socket.
[[0;32m  OK  [0m] Listening on udev Control Socket.
         Starting Uncomplicated firewall...
         Starting Remount Root and Kernel File Systems...
[[0;32m  OK  [0m] Listening on Network Service Netlink Socket.
[[0;32m  OK  [0m] Listening on Journal Audit Socket.
[[0;32m  OK  [0m] Listening on Syslog Socket.
         Starting Create list of required stâ€¦ce nodes for the current kernel...
         Mounting Huge Pages File System...
[[0;32m  OK  [0m] Listening on Device-mapper event daemon FIFOs.
         Mounting Kernel Debug File System...
         Starting Set the console keyboard layout...
         Mounting POSIX Message Queue File System...
[   14.594578] EXT4-fs (sda1): re-mounted. Opts: (null)
         Starting Load Kernel Modules...
[[0;32m  OK  [0m] Listening on Journal Socket (/dev/log).
         Starting Journal Service...
[[0;32m  OK  [0m] Reached target Slices.
         Starting udev Coldplug all Devices...
[[0;32m  OK  [0m] Listening on LVM2 poll daemon socket.
[[0;32m  OK  [0m] Listening on LVM2 metadata daemon socket.
         Starting Monitoring of LVM2 mirrorsâ€¦ng dmeventd or progress polling...
[[0;32m  OK  [0m] Created slice system-serial\x2dgetty.slice.
[[0;32m  OK  [0m] Listening on /dev/initctl Compatibility Named Pipe.
[[0;32m  OK  [0m] Started Uncomplicated firewall.
[[0;32m  OK  [0m] Started Remount Root and Kernel File Systems.
[[0;32m  OK  [0m] Started Create list of required staâ€¦vice nodes for the current kernel.
[[0;32m  OK  [0m] Mounted Huge Pages File System.
[[0;32m  OK  [0m] Mounted Kernel Debug File System.
[[0;32m  OK  [0m] Mounted POSIX Message Queue File System.
         Starting Create Static Device Nodes in /dev...
         Starting Load/Save Random Seed...
[   14.877621] Loading iSCSI transport class v2.0-870.
[[0;32m  OK  [0m] Started Journal Service.
[[0;32m  OK  [0m] Started udev Coldplug all Devices.
[[0;32m  OK  [0m] Started Create Static Device Nodes in /dev.
[[0;32m  OK  [0m] Started Load/Save Random Seed.
         Starting udev Kernel Device Manager...
         Starting Flush Journal to Persistent Storage...
[[0;32m  OK  [0m] Started LVM2 metadata daemon.
[   15.025994] iscsi: registered transport (tcp)
[   15.083368] systemd-journald[404]: Received request to flush runtime journal from PID 1
[   15.192462] iscsi: registered transport (iser)
[[0;32m  OK  [0m] Started Load Kernel Modules.
         Mounting FUSE Control File System...
         Starting Apply Kernel Variables...
         Mounting Kernel Configuration File System...
[[0;32m  OK  [0m] Mounted FUSE Control File System.
[[0;32m  OK  [0m] Mounted Kernel Configuration File System.
[[0;32m  OK  [0m] Started Set the console keyboard layout.
[[0;32m  OK  [0m] Started udev Kernel Device Manager.
[[0;32m  OK  [0m] Started Dispatch Password Requests to Console Directory Watch.
[[0;32m  OK  [0m] Reached target Local Encrypted Volumes.
[[0;32m  OK  [0m] Started Apply Kernel Variables.
[[0;32m  OK  [0m] Started Monitoring of LVM2 mirrors,â€¦sing dmeventd or progress polling.
[[0;32m  OK  [0m] Reached target Local File Systems (Pre).
         Mounting Mount unit for core, revision 9066...
         Mounting Mount unit for core, revision 9289...
         Mounting Mount unit for node, revision 2776...
[[0;32m  OK  [0m] Reached target Local File Systems.
         Starting ebtables ruleset management...
         Starting Set console font and keymap...
         Starting Tell Plymouth To Write Out Runtime Data...
         Starting AppArmor initialization...
         Mounting Mount unit for node, revision 2680...
[[0;32m  OK  [0m] Started Set console font and keymap.
[[0;32m  OK  [0m] Started Tell Plymouth To Write Out Runtime Data.
[[0;32m  OK  [0m] Mounted Mount unit for core, revision 9066.
[[0;32m  OK  [0m] Mounted Mount unit for node, revision 2680.
[[0;32m  OK  [0m] Mounted Mount unit for core, revision 9289.
[[0;32m  OK  [0m] Mounted Mount unit for node, revision 2776.
[[0;32m  OK  [0m] Found device /dev/ttyS0.
[[0;32m  OK  [0m] Listening on Load/Save RF Kill Switch Status /dev/rfkill Watch.
[[0;32m  OK  [0m] Started ebtables ruleset management.
[[0;32m  OK  [0m] Started Flush Journal to Persistent Storage.
         Starting Create Volatile Files and Directories...
[[0;32m  OK  [0m] Started Create Volatile Files and Directories.
         Starting Update UTMP about System Boot/Shutdown...
[[0;32m  OK  [0m] Started Update UTMP about System Boot/Shutdown.
[[0;32m  OK  [0m] Started AppArmor initialization.
         Starting Initial cloud-init job (pre-networking)...
[   23.831079] cloud-init[571]: Cloud-init v. 19.4-33-gbb4131a2-0ubuntu1~18.04.1 running 'init-local' at Thu, 04 Jun 2020 12:04:19 +0000. Up 22.97 seconds.
[[0;32m  OK  [0m] Started Initial cloud-init job (pre-networking).
[[0;32m  OK  [0m] Reached target Network (Pre).
         Starting Network Service...
[[0;32m  OK  [0m] Started Network Service.
         Starting Network Name Resolution...
         Starting Wait for Network to be Configured...
[[0;32m  OK  [0m] Started Network Name Resolution.
[[0;32m  OK  [0m] Reached target Network.
[[0;32m  OK  [0m] Reached target Host and Network Name Lookups.
[[0;32m  OK  [0m] Started Wait for Network to be Configured.
         Starting Initial cloud-init job (metadata service crawler)...
[   27.956157] cloud-init[699]: Cloud-init v. 19.4-33-gbb4131a2-0ubuntu1~18.04.1 running 'init' at Thu, 04 Jun 2020 12:04:24 +0000. Up 27.42 seconds.
[   27.959220] cloud-init[699]: ci-info: ++++++++++++++++++++++++++++++++++++++Net device info++++++++++++++++++++++++++++++++++++++
[   27.961838] cloud-init[699]: ci-info: +--------+------+----------------------------+---------------+--------+-------------------+
[   27.964603] cloud-init[699]: ci-info: | Device |  Up  |          Address           |      Mask     | Scope  |     Hw-Address    |
[   27.967379] cloud-init[699]: ci-info: +--------+------+----------------------------+---------------+--------+-------------------+
[   27.976479] cloud-init[699]: ci-info: | enp0s3 | True |         10.0.2.15          | 255.255.255.0 | global | 02:2b:21:86:a5:be |
[   27.978777] cloud-init[699]: ci-info: | enp0s3 | True | fe80::2b:21ff:fe86:a5be/64 |       .       |  link  | 02:2b:21:86:a5:be |
[   27.981705] cloud-init[699]: ci-info: |   lo   | True |         127.0.0.1          |   255.0.0.0   |  host  |         .         |
[   27.984454] cloud-init[699]: ci-info: |   lo   | True |          ::1/128           |       .       |  host  |         .         |
[   27.986930] cloud-init[699]: ci-info: +--------+------+----------------------------+---------------+--------+-------------------+
[   27.989527] cloud-init[699]: ci-info: ++++++++++++++++++++++++++++Route IPv4 info+++++++++++++++++++++++++++++
[   28.000401] cloud-init[699]: ci-info: +-------+-------------+----------+-----------------+-----------+-------+
[   28.002853] cloud-init[699]: ci-info: | Route | Destination | Gateway  |     Genmask     | Interface | Flags |
[   28.016338] cloud-init[699]: ci-info: +-------+-------------+----------+-----------------+-----------+-------+
[   28.018705] cloud-init[699]: ci-info: |   0   |   0.0.0.0   | 10.0.2.2 |     0.0.0.0     |   enp0s3  |   UG  |
[   28.021283] cloud-init[699]: ci-info: |   1   |   10.0.2.0  | 0.0.0.0  |  255.255.255.0  |   enp0s3  |   U   |
[   28.023580] cloud-init[699]: ci-info: |   2   |   10.0.2.2  | 0.0.0.0  | 255.255.255.255 |   enp0s3  |   UH  |
[   28.037516] cloud-init[699]: ci-info: +-------+-------------+----------+-----------------+-----------+-------+
[   28.053060] cloud-init[699]: ci-info: +++++++++++++++++++Route IPv6 info+++++++++++++++++++
[   28.055292] cloud-init[699]: ci-info: +-------+-------------+---------+-----------+-------+
[   28.058135] cloud-init[699]: ci-info: | Route | Destination | Gateway | Interface | Flags |
[   28.060319] cloud-init[699]: ci-info: +-------+-------------+---------+-----------+-------+
[   28.062113] cloud-init[699]: ci-info: |   1   |  fe80::/64  |    ::   |   enp0s3  |   U   |
[   28.064553] cloud-init[699]: ci-info: |   3   |    local    |    ::   |   enp0s3  |   U   |
[   28.066621] cloud-init[699]: ci-info: |   4   |   ff00::/8  |    ::   |   enp0s3  |   U   |
[   28.081358] cloud-init[699]: ci-info: +-------+-------------+---------+-----------+-------+
[[0;32m  OK  [0m] Started Initial cloud-init job (metadata service crawler).
[[0;32m  OK  [0m] Reached target System Initialization.
[[0;32m  OK  [0m] Started ACPI Events Check.
[[0;32m  OK  [0m] Listening on ACPID Listen Socket.
[[0;32m  OK  [0m] Started Discard unused blocks once a week.
[[0;32m  OK  [0m] Listening on UUID daemon activation socket.
         Starting Socket activation for snappy daemon.
[[0;32m  OK  [0m] Started Daily Cleanup of Temporary Directories.
[[0;32m  OK  [0m] Reached target Paths.
[[0;32m  OK  [0m] Started Message of the Day.
[[0;32m  OK  [0m] Started Daily apt download activities.
[[0;32m  OK  [0m] Started Daily apt upgrade and clean activities.
         Starting LXD - unix socket.
[[0;32m  OK  [0m] Listening on D-Bus System Message Bus Socket.
[[0;32m  OK  [0m] Listening on Open-iSCSI iscsid Socket.
[[0;32m  OK  [0m] Reached target Timers.
[[0;32m  OK  [0m] Reached target Cloud-config availability.
[[0;32m  OK  [0m] Reached target Network is Online.
[[0;32m  OK  [0m] Reached target Remote File Systems (Pre).
[[0;32m  OK  [0m] Reached target Remote File Systems.
         Starting Availability of block devices...
[[0;32m  OK  [0m] Listening on Socket activation for snappy daemon.
[[0;32m  OK  [0m] Listening on LXD - unix socket.
[[0;32m  OK  [0m] Reached target Sockets.
[[0;32m  OK  [0m] Reached target Basic System.
         Starting Accounts Service...
         Starting Message of the Day...
         Starting LSB: automatic crash report generation...
         Starting LSB: Record successful boot for GRUB...
         Starting Login Service...
[[0;32m  OK  [0m] Started irqbalance daemon.
         Starting System Logging Service...
         Starting Permit User Sessions...
[[0;32m  OK  [0m] Started Deferred execution scheduler.
         Starting Dispatcher daemon for systemd-networkd...
[[0;32m  OK  [0m] Started D-Bus System Message Bus.
         Starting Virtualbox guest utils...
         Starting Advanced key-value store...
         Starting LXD - container startup/shutdown...
[[0;32m  OK  [0m] Started Regular background program processing daemon.
         Starting OpenBSD Secure Shell server...
[[0;32m  OK  [0m] Started MongoDB Database Server.
[[0;32m  OK  [0m] Started FUSE filesystem for LXC.
         Starting Snappy daemon...
[[0;32m  OK  [0m] Started System Logging Service.
[[0;32m  OK  [0m] Started Availability of block devices.
[[0;32m  OK  [0m] Started Permit User Sessions.
[[0;32m  OK  [0m] Started Login Service.
         Starting Authorization Manager...
[[0;32m  OK  [0m] Started Unattended Upgrades Shutdown.
         Starting Terminate Plymouth Boot Screen...
         Starting Hold until boot process finishes up...
[[0;32m  OK  [0m] Started Terminate Plymouth Boot Screen.
[[0;32m  OK  [0m] Started Hold until boot process finishes up.
         Starting Set console scheme...
[[0;32m  OK  [0m] Started Serial Getty on ttyS0.
[[0;32m  OK  [0m] Started Set console scheme.
[[0;32m  OK  [0m] Created slice system-getty.slice.
[[0;32m  OK  [0m] Started Getty on tty1.
[[0;32m  OK  [0m] Reached target Login Prompts.
[[0;32m  OK  [0m] Started LSB: automatic crash report generation.
[[0;32m  OK  [0m] Started Dispatcher daemon for systemd-networkd.
[[0;32m  OK  [0m] Started Authorization Manager.
[[0;32m  OK  [0m] Started Accounts Service.
[[0;32m  OK  [0m] Started LSB: Record successful boot for GRUB.
[[0;32m  OK  [0m] Started Advanced key-value store.
[[0;32m  OK  [0m] Started OpenBSD Secure Shell server.
[[0;32m  OK  [0m] Started Virtualbox guest utils.
[[0;32m  OK  [0m] Created slice User Slice of vagrant.
         Starting User Manager for UID 1000...
[[0;32m  OK  [0m] Started Session 1 of user vagrant.
[[0;32m  OK  [0m] Started LXD - container startup/shutdown.
[[0;32m  OK  [0m] Started User Manager for UID 1000.
[[0;32m  OK  [0m] Started Message of the Day.

Ubuntu 18.04.4 LTS ubuntu-bionic ttyS0

ubuntu-bionic login: [   43.735330] cloud-init[1263]: Cloud-init v. 19.4-33-gbb4131a2-0ubuntu1~18.04.1 running 'modules:config' at Thu, 04 Jun 2020 12:04:39 +0000. Up 42.56 seconds.
[   47.206055] cloud-init[1479]: Cloud-init v. 19.4-33-gbb4131a2-0ubuntu1~18.04.1 running 'modules:final' at Thu, 04 Jun 2020 12:04:41 +0000. Up 45.19 seconds.
[   47.209980] cloud-init[1479]: Cloud-init v. 19.4-33-gbb4131a2-0ubuntu1~18.04.1 finished at Thu, 04 Jun 2020 12:04:43 +0000. Datasource DataSourceNoCloud [seed=/dev/sdb][dsmode=net].  Up 47.17 seconds
